response 1
response 2: {"isIncomplete":false,"items":[{"label":"st","kind":5,"detail":"[[U8]]"},{"label":"write!","kind":2,"detail":"(p: [Byte]) -> Int"},{"label":"write_string!","kind":2,"detail":"(s: Str) -> Int"},{"label":"write_byte!","kind":2,"detail":"(c: Byte)"},{"label":"write_rune!","kind":2,"detail":"(r: Rune) -> Int"},{"label":"string","kind":2,"detail":"-> Str"},{"label":"to_s","kind":2,"detail":"-> Str"},{"label":"len","kind":2,"detail":"-> Int"},{"label":"size","kind":2,"detail":"-> Int"},{"label":"cap","kind":2,"detail":"-> Int"},{"label":"reset!","kind":2,"detail":""},{"label":"grow!","kind":2,"detail":"(n: Int)"}]}
response 3: {"isIncomplete":false,"items":[{"label":"x","kind":5,"detail":"Int"},{"label":"sum","kind":2,"detail":"-> Int"},{"label":"twice","kind":2,"detail":"-> Int"}]}
response 4: {"isIncomplete":false,"items":[{"label":"x","kind":5,"detail":"Int"},{"label":"sum","kind":2,"detail":"-> Int"},{"label":"twice","kind":2,"detail":"-> Int"}]}
response 5: {"isIncomplete":false,"items":[{"label":"chars","kind":2,"detail":""},{"label":"bytes","kind":2,"detail":""},{"label":"runes","kind":2,"detail":""},{"label":"size","kind":2,"detail":""},{"label":"length","kind":2,"detail":""},{"label":"reverse","kind":2,"detail":""},{"label":"delete","kind":2,"detail":""},{"label":"split","kind":2,"detail":""},{"label":"to_i","kind":2,"detail":""},{"label":"to_s","kind":2,"detail":""},{"label":"strip","kind":2,"detail":""},{"label":"lstrip","kind":2,"detail":""},{"label":"rstrip","kind":2,"detail":""},{"label":"lines","kind":2,"detail":""},{"label":"start_with?","kind":2,"detail":""},{"label":"end_with?","kind":2,"detail":""},{"label":"include?","kind":2,"detail":""},{"label":"byteindex","kind":2,"detail":""}]}
response 6: {"isIncomplete":false,"items":[{"label":"x","kind":5,"detail":"Int"},{"label":"sum","kind":2,"detail":"-> Int"},{"label":"twice","kind":2,"detail":"-> Int"}]}
response 7
diagnostics file://$DIR/member/m.alx v7: 2
  12:2-12:28 sev1 expected a method name after `.`, found a string
  16:11-17:0 sev1 expected a parameter name, found end of line
exit 0
