=== RUN   passes
--- PASS: passes (0.00s)
=== RUN   assert fails
--- FAIL: assert fails (0.00s)
    assertion failed: x == 5 at fail_test.alx:7:3
=== RUN   assert_eq fails
--- FAIL: assert_eq fails (0.00s)
    assert_eq failed at fail_test.alx:11:3: got 2, want 3
=== RUN   string mismatch
--- FAIL: string mismatch (0.00s)
    assert_eq failed at fail_test.alx:15:3: got gopher, want gofer
=== RUN   error reaches the top
--- FAIL: error reaches the top (0.00s)
    boom 3
=== RUN   panics
--- FAIL: panics (0.00s)
    index out of bounds at fail_test.alx:26:16
=== RUN   after the failures
--- PASS: after the failures (0.00s)
=== RUN   wrong output
--- FAIL: wrong output (0.00s)
    got:
    got this
    want:
    want that
FAIL
FAIL   . 0.000s
