[browseros.alx]
(unset)
hi
[GREETING=hi]
0
js
-1
false
through os.stdout
0
open x.txt: function not implemented
open x.txt: function not implemented
mkdir d: function not implemented
stat x.txt: function not implemented
open .: function not implemented
getwd: function not implemented
false
true
true
true
