=== RUN   add
--- PASS: add (0.00s)
=== RUN   clamp
--- PASS: clamp (0.00s)
=== RUN   private double
--- PASS: private double (0.00s)
=== RUN   errors
--- PASS: errors (0.00s)
=== RUN   imports work
--- PASS: imports work (0.00s)
=== RUN   strings and bools
--- PASS: strings and bools (0.00s)
=== RUN   printing
--- PASS: printing (0.00s)
=== RUN   heredoc
--- PASS: heredoc (0.00s)
PASS
ok     . 0.000s
