(1+2i)
(3-4i)
(0+2i)
(0-2i)
(0+1500i)
(0+0i)
1
2
(4-2i)
(-2+6i)
(11+2i)
(-0.2+0.4i)
(-1-2i)
(2+4i)
(2+4i)
(2+2i)
(0-2i)
(0.5+1i)
(0.2-0.4i)
(-2+1i)
true
true
false
false
true
(+Inf+Infi)
(NaN+NaNi)
(+Inf-Infi)
(+Inf+Infi)
(0+0i)
(0-0i)
(NaN+NaNi)
(+Inf+0i)
(0+0i)
(-Inf+NaNi)
(+Inf+Infi)
(NaN+Infi)
(-0-0i) 11
(0+0i) 00
(-0+0i) 10
(+Inf-Infi)
(-Inf+NaNi)
(NaN+NaNi)
(1e+21+1e-07i)
(-0-0i)
z = (0.5-0.25i)
(1+2i) and [(1+2i) (3-4i)]
[(1+1i) (0+2.5i) (3+0i)]
(4+3.5i)
{p (-1-1i)}
-1
map[i:(-1+0i)]
(-4+2i)
33
1000
