hello, embed
[255 254 0 1]
4
true
255
embed_data/bin.dat: 4 bytes
embed_data/hello.txt: 13 bytes
embed_data/sub/
embed_data/sub/a.txt: 6 bytes
embed_data/sub/b.txt: 5 bytes
--
embed_data/.secret/
embed_data/.secret/s.txt: 7 bytes
embed_data/bin.dat: 4 bytes
embed_data/hello.txt: 13 bytes
embed_data/sub/
embed_data/sub/a.txt: 6 bytes
embed_data/sub/b.txt: 5 bytes
--
embed_data/hello.txt: 13 bytes
embed_data/sub/
embed_data/sub/a.txt: 6 bytes
embed_data/sub/b.txt: 5 bytes
beta
open embed_data/.secret/s.txt: file does not exist
