[ab]:
  ok 2
  again ok? true
  wider: ok
[]:
  code -1
  empty
  empty input / ctx: empty input / empty input / empty input / empty input
  again sees code -1
  again ok? false
  wider: empty input
[xyz]:
  code 3
  bad 3 x
  bad input at 3: x / ctx: bad input at 3: x / bad input at 3: x / bad input at 3: x / bad input at 3: x
  again sees code 3
  again ok? false
  wider: bad input at 3: x
boom: Boom
add!: 2
-1
