true
n=16 v=true name=Ada ratio=2.5
I=[a b] level=high
args=[file.txt -n 99] (3)
n set? true, name set? true
true
n=5 v=false name=world ratio=0.5
I=[] level=low
args=[-v x] (2)
n set? false, name set? false
error: flag provided but not defined: -bogus
error: flag needs an argument: -n
error: invalid value "abc" for flag -n: parse error
error: invalid value "99999999999999999999" for flag -n: value out of range
error: invalid boolean value "maybe" for -v: parse error
error: invalid value "mid" for flag -level: want low or high
error: bad flag syntax: ---v
Usage of demo:
  -I string
    	include dir (repeatable)
  -level level
    	log level: low or high (default low)
  -n int
    	how many (default 5)
  -name string
    	who to greet (default "world")
  -ratio ratio
    	the ratio to use (default 0.5)
  -v	verbose
true
