200 hello, world! (text/plain; charset=utf-8)
200 hi there, alx!
201 stored 9 bytes: some data
200 chunked=chunked 1,2,3,4,5
404 404 page not found
405 allow=GET, HEAD
keep-alive / -> 200 home
keep-alive /hello/one -> 200 hello, one!
keep-alive /hello/two -> 200 hello, two!
hello, c1! hello, c2! hello, c3! hello, c4! hello, c5! hello, c6! hello, c7! hello, c8!
server stopped
