{"title":"t","id":"42","at":{"x":1,"y":2},"shapes":["Dot",{"Circle":1.5},{"Rect":{"w":2,"h":3}}],"raw":"AQID","kind":"k","zz":[true]}
25
Rect(2, 3)
t 42 2 3 [1 2 3] k 1
[t k]
{"1":1,"2":0.5}
jsontext: duplicate object member name "title"
json: cannot unmarshal JSON number into Go uint64 within "/id"
x
true
json: unsupported type: jsontext.Value
{"x":3,"y":4}
