{"name":"Ann \u003cann@x.org\u003e","age":41,"email":"ann@x.org","tags":["a","b"],"scores":{"art":7,"math":9.5},"home":{"city":"Köln","zip-code":50667},"last":[3,"three"],"events":["Started",{"Moved":{"city":"Bonn","zip-code":53111}},{"Scored":[2,0.5]},{"Resized":{"w":640,"h":480}}]}
{
  "name": "Ann \u003cann@x.org\u003e",
  "age": 41,
  "email": "ann@x.org",
  "tags": [
    "a",
    "b"
  ],
  "scores": {
    "art": 7,
    "math": 9.5
  },
  "home": {
    "city": "Köln",
    "zip-code": 50667
  },
  "last": [
    3,
    "three"
  ],
  "events": [
    "Started",
    {
      "Moved": {
        "city": "Bonn",
        "zip-code": 53111
      }
    },
    {
      "Scored": [
        2,
        0.5
      ]
    },
    {
      "Resized": {
        "w": 640,
        "h": 480
      }
    }
  ]
}
Ann <ann@x.org>
Köln
4
0
true
Bob
true
1
0
json: cannot unmarshal number into Go struct field User.name of type Str
json: cannot unmarshal number 300 into Go struct field User.age of type U8
invalid character '}' looking for beginning of object key string
json: unknown variant "Nope" for Event
unexpected end of JSON input
2
1 true
2 false
users,total
{
	"users": [
		{
			"id": 1,
			"ok": true
		},
		{
			"id": 2,
			"ok": false
		}
	],
	"total": 2
}
"tab\t \"quoted\" \u003cb\u003e"
false
0
