2
7
20
7
32
2
1
7
6
0.3333333333333333
false
true
false
true
true
I can use string interpolation when using double quoted strings
hello world
hello hello hello 
true
dlrow olleh
[hello world]
1
5
[3 4]
[5 4 3 2 1]
true
6
green
[color number]
2
true
absent
medium
iteration 1
iteration 2
iteration 3
for 1
for 2
for 3
while 1
while 2
while 3
quiche is #0
salad is #1
[2 4 6 8 10 12]
[2 4 6]
21
Better luck next time
OK job
4
7
12
{ olleh }
Jim Halpert: hello
31
