2
5050
9
200
2
error: index out of bounds
error: index out of bounds
97
error: index out of bounds
1
error: slice bounds out of range
el
error: slice bounds out of range
x
error: `first` of an empty collection
5
error: `last` of an empty collection
3
error: overflow
9
error: `max` of an empty collection
9
error: `min_by` of an empty collection
24
error: `reduce` of an empty collection
error: overflow
5
error: unwrap of none
200
error: overflow
2
error: Float#to_i of NaN
error: overflow
3
error: `digits` of a negative number
4
error: Int.sqrt of a negative number
3
error: negative array size
81
error: overflow
error: negative exponent
1
8
error: negative shift amount
7
error: index out of bounds
4
error: index out of bounds
error: index out of bounds
1
error: index out of bounds
error: index out of bounds
matched OutOfBounds
a
65
error: index out of bounds
6
error: index out of bounds
error: index out of bounds
error: overflow
