size 16, depth 4
r r.0 r.0.0 r.0.0.0 r.0.1
true
false
r.1.0
{x [{x.0 [{x.0.0 []}]} {x.1 [{x.1.0 []}]}]}
10
{1 [{2 []} {3 [{4 []}]}]}
4
{[a] map[src:{[main.alx lib.alx] map[vendor:{[x.alx] map[]}]}]}
20 30 35 40 50 60 70 80
35
false
true
{1 none {2 none none}}
499500
{2 {1 {0 none}}}
{"name":"alx","tags":[1.5,null,true]}
true
false
List([Num(2) List([Null])])
srv root (2 routes) q
gzip(log(auth(handled GET /)))
cleanup of t1 (2 registered)
second
4
