-3
12.56636
0 is zero
2 is small
7 is medium
42 is large
negative
zero
B
0: ada (3 bytes)
1: go (2 bytes)
2: ruby (4 bytes)
total 12
pi is about 3.14159, 3.14 to two places
escaped #{not interpolated}
3...
2...
1...
liftoff
iteration 1
  end of iteration 1
iteration 2
  end of iteration 2
cleanup early(-1)
0
cleanup early(5)
10
great
many
got 3
