10
bad input at 5
bad input at 6
Rex 3 0:good 1:dog <nil> hi Rex woof! a Rex (6) b Rex (9) 2 Pet<Rex> main.Pet [good dog] "Rex"
template: e:1:2: executing "e" at <check 9>: error calling check: too old
plan [Dot {Circle 1.5} {Rect 2 3}] map[bg:1 fg:-2] [4 5] base
plan 0 3 true -2 5 base
9
4
dyn: cannot use int value as Layer
dyn: Shape has no variant "Hexagon"
{"nm":"j"}
{}
