main.main at track_caller.alx:38:6
main.main at track_caller.alx:39:6
main.plain at track_caller.alx:16:20
track_caller.alx:41:6
via interface: true (track_caller.alx:43:8)
direct: false (track_caller.alx:44:33)
main.main at track_caller.alx:45:19
block 1: main.main at track_caller.alx:47:39
block 2: main.main at track_caller.alx:47:39
7 @ 48
s @ 49
alexandrite: assertion failed: n % 2 == 0 at track_caller.alx:51:13: odd 3
