p: track_caller_std.alx:13: short
p: track_caller_std.alx:14: wrapped
track_caller_std.alx:16: p: long
level=INFO source=track_caller_std.alx:24 msg=hello n=1
level=WARN source=track_caller_std.alx:25 msg=again k=v
{"level":"ERROR","source":{"function":"main.main","file":"track_caller_std.alx","line":26},"msg":"json"}
