<person xmlns="urn:p" id="7"><name><first>Ada</first><last>L&lt;ovelace&gt;</last></name><tag>a</tag><tag>b&amp;c</tag><level>L3</level><City>London</City><!-- hi --></person>
Ada L<ovelace> 2 3 London 0 urn:p
<person xmlns="urn:p" id="7">
 <name>
  <first>Ada</first>
  <last>L&lt;ovelace&gt;</last>
 </name>
 <tag>a</tag>
 <tag>b&amp;c</tag>
 <level>L3</level>
 <City>London</City>
 <!-- hi -->
</person>
strconv.parse_int: parsing "x": invalid syntax
expected element type <person> but have <other>
bad level Q
start a 1
start b 0
text t&u
end b
comment c
end a
true
